2026-01-27 16:52:22,428 - main - INFO - /home/etienne/projects/pipetd/NukeKit/examples/my_gizmo.gizmo
